trabajos 516
trabajos 516
abriendo base
pidiendo token de drive
token listo
descarga 24/516 alumno 4986 doc 27
descarga 25/516 alumno 4849 doc 27
progreso 25/516 ok=25 omitidos=0 err=0
progreso 25/516 ok=2 omitidos=23 err=0
descarga 26/516 alumno 5010 doc 27
descarga 27/516 alumno 5136 doc 27
descarga 28/516 alumno 4884 doc 27
descarga 29/516 alumno 5026 doc 27
descarga 31/516 alumno 4859 doc 27
descarga 32/516 alumno 4916 doc 27
descarga 33/516 alumno 5353 doc 27
descarga 34/516 alumno 5335 doc 27
descarga 35/516 alumno 5074 doc 27
descarga 36/516 alumno 4980 doc 27
descarga 37/516 alumno 4846 doc 27
descarga 38/516 alumno 4913 doc 27
descarga 39/516 alumno 5041 doc 27
descarga 40/516 alumno 5444 doc 27
descarga 41/516 alumno 5242 doc 27
descarga 42/516 alumno 5232 doc 27
descarga 43/516 alumno 5305 doc 27
descarga 44/516 alumno 4912 doc 27
descarga 45/516 alumno 3726 doc 27
descarga 46/516 alumno 3875 doc 27
descarga 47/516 alumno 4225 doc 27
descarga 48/516 alumno 3347 doc 27
descarga 49/516 alumno 4461 doc 27
descarga 50/516 alumno 4485 doc 27
progreso 50/516 ok=49 omitidos=1 err=0
progreso 50/516 ok=26 omitidos=24 err=0
descarga 51/516 alumno 3500 doc 27
descarga 52/516 alumno 4377 doc 27
descarga 53/516 alumno 3446 doc 27
descarga 54/516 alumno 3314 doc 27
descarga 55/516 alumno 3349 doc 27
descarga 56/516 alumno 4159 doc 27
descarga 57/516 alumno 3410 doc 27
descarga 58/516 alumno 3284 doc 27
descarga 59/516 alumno 3787 doc 27
descarga 60/516 alumno 3929 doc 27
descarga 61/516 alumno 4441 doc 27
descarga 62/516 alumno 4455 doc 27
descarga 63/516 alumno 3732 doc 27
descarga 64/516 alumno 4135 doc 27
descarga 65/516 alumno 4327 doc 27
descarga 66/516 alumno 4139 doc 27
descarga 67/516 alumno 4031 doc 27
descarga 68/516 alumno 3189 doc 27
descarga 69/516 alumno 4283 doc 27
descarga 70/516 alumno 4473 doc 27
descarga 71/516 alumno 4059 doc 27
descarga 72/516 alumno 3418 doc 27
descarga 73/516 alumno 3587 doc 27
descarga 75/516 alumno 4029 doc 27
progreso 75/516 ok=50 omitidos=25 err=0
descarga 77/516 alumno 3708 doc 27
descarga 79/516 alumno 4233 doc 27
descarga 81/516 alumno 3310 doc 27
descarga 82/516 alumno 4119 doc 27
descarga 83/516 alumno 4483 doc 27
descarga 84/516 alumno 4137 doc 27
descarga 85/516 alumno 3174 doc 27
descarga 86/516 alumno 3482 doc 27
descarga 87/516 alumno 3943 doc 27
descarga 88/516 alumno 4417 doc 27
descarga 89/516 alumno 4289 doc 27
descarga 90/516 alumno 3430 doc 27
descarga 91/516 alumno 3400 doc 27
descarga 92/516 alumno 4319 doc 27
descarga 93/516 alumno 3547 doc 27
descarga 94/516 alumno 3827 doc 27
descarga 95/516 alumno 3207 doc 27
descarga 96/516 alumno 4271 doc 27
descarga 97/516 alumno 3921 doc 27
descarga 98/516 alumno 3192 doc 27
descarga 99/516 alumno 4584 doc 27
descarga 100/516 alumno 4660 doc 27
progreso 100/516 ok=72 omitidos=28 err=0
descarga 102/516 alumno 4611 doc 27
descarga 103/516 alumno 3090 doc 27
descarga 104/516 alumno 3064 doc 27
descarga 105/516 alumno 4727 doc 27
descarga 107/516 alumno 3642 doc 27
descarga 109/516 alumno 2891 doc 27
descarga 111/516 alumno 4054 doc 27
descarga 113/516 alumno 3078 doc 27
descarga 114/516 alumno 3075 doc 27
descarga 115/516 alumno 3098 doc 27
descarga 116/516 alumno 3373 doc 27
descarga 117/516 alumno 4695 doc 27
drive pendiente alumno 4695 doc 27: <HttpError 503 when requesting https://www.googleapis.com/drive/v3/files?q=%271Uc07pWz4w6tt1nwklyrCZ0GaUda0aDKg%27+in+parents+and+name+%3D+%273C+MECAN.+DANIELA+SANDOVAL+SALA+314%27+and+mimeType+%3D+%27application%2Fvnd.google-apps.folder%27+and+trashed+%3D+false&spaces=drive&fields=files%28id%2Cname%29&pageSize=1&supportsAllDrives=true&includeItemsFromAllDrives=true&alt=json returned "Authentication backend unavailable.". Details: "[{'message': 'Authentication backend unavailable.', 'domain': 'global', 'reason': 'backendError'}]">
descarga 119/516 alumno 4220 doc 27
descarga 121/516 alumno 3269 doc 27
descarga 123/516 alumno 3009 doc 27
descarga 125/516 alumno 3519 doc 27
progreso 125/516 ok=88 omitidos=37 err=0
descarga 127/516 alumno 4783 doc 27
descarga 129/516 alumno 4134 doc 27
descarga 131/516 alumno 3204 doc 27
descarga 133/516 alumno 4462 doc 27
descarga 135/516 alumno 3049 doc 27
descarga 137/516 alumno 3756 doc 27
descarga 138/516 alumno 3705 doc 27
descarga 139/516 alumno 4595 doc 27
descarga 140/516 alumno 4076 doc 27
descarga 141/516 alumno 3521 doc 27
descarga 142/516 alumno 3186 doc 27
descarga 144/516 alumno 3206 doc 27
descarga 146/516 alumno 4428 doc 27
descarga 148/516 alumno 4050 doc 27
descarga 150/516 alumno 3115 doc 27
progreso 150/516 ok=103 omitidos=47 err=0
descarga 152/516 alumno 4725 doc 27
descarga 153/516 alumno 2892 doc 27
descarga 154/516 alumno 2819 doc 27
descarga 155/516 alumno 4160 doc 27
descarga 156/516 alumno 3992 doc 27
descarga 157/516 alumno 3998 doc 27
descarga 158/516 alumno 3646 doc 27
descarga 160/516 alumno 3513 doc 27
descarga 162/516 alumno 4785 doc 27
descarga 164/516 alumno 4523 doc 27
descarga 166/516 alumno 4318 doc 27
descarga 167/516 alumno 4554 doc 27
descarga 169/516 alumno 4184 doc 27
descarga 171/516 alumno 4741 doc 27
descarga 172/516 alumno 4654 doc 27
descarga 173/516 alumno 4665 doc 27
descarga 174/516 alumno 2847 doc 27
descarga 175/516 alumno 4344 doc 27
progreso 175/516 ok=121 omitidos=54 err=0
descarga 176/516 alumno 4541 doc 27
progreso 175/516 ok=144 omitidos=31 err=0
descarga 177/516 alumno 3145 doc 27
descarga 178/516 alumno 4547 doc 27
descarga 179/516 alumno 2881 doc 27
descarga 180/516 alumno 2883 doc 27
descarga 181/516 alumno 4543 doc 27
descarga 182/516 alumno 2938 doc 27
descarga 183/516 alumno 4086 doc 27
descarga 184/516 alumno 3050 doc 27
descarga 185/516 alumno 3681 doc 27
descarga 186/516 alumno 2914 doc 27
descarga 187/516 alumno 4697 doc 27
descarga 189/516 alumno 4609 doc 27
descarga 191/516 alumno 4511 doc 27
descarga 193/516 alumno 2922 doc 27
descarga 195/516 alumno 4693 doc 27
descarga 197/516 alumno 4624 doc 27
descarga 199/516 alumno 4250 doc 27
descarga 201/516 alumno 1271 doc 27
progreso 200/516 ok=161 omitidos=39 err=0
descarga 203/516 alumno 1143 doc 27
descarga 204/516 alumno 1291 doc 27
descarga 205/516 alumno 1262 doc 27
descarga 206/516 alumno 1530 doc 27
descarga 207/516 alumno 1460 doc 27
descarga 208/516 alumno 1735 doc 27
descarga 209/516 alumno 969 doc 27
descarga 210/516 alumno 1446 doc 27
descarga 211/516 alumno 1309 doc 27
descarga 212/516 alumno 888 doc 27
descarga 213/516 alumno 1021 doc 27
descarga 214/516 alumno 1637 doc 27
descarga 215/516 alumno 1234 doc 27
descarga 216/516 alumno 1133 doc 27
descarga 217/516 alumno 1238 doc 27
descarga 218/516 alumno 1505 doc 27
descarga 219/516 alumno 1208 doc 27
descarga 221/516 alumno 1671 doc 27
descarga 223/516 alumno 1045 doc 27
descarga 224/516 alumno 1799 doc 27
descarga 225/516 alumno 1353 doc 27
progreso 225/516 ok=161 omitidos=64 err=0
descarga 226/516 alumno 1240 doc 27
progreso 225/516 ok=183 omitidos=42 err=0
descarga 227/516 alumno 922 doc 27
descarga 228/516 alumno 1158 doc 27
descarga 229/516 alumno 1076 doc 27
descarga 230/516 alumno 1745 doc 27
descarga 231/516 alumno 1790 doc 27
descarga 232/516 alumno 893 doc 27
descarga 233/516 alumno 1101 doc 27
descarga 235/516 alumno 917 doc 27
descarga 236/516 alumno 1387 doc 27
descarga 237/516 alumno 963 doc 27
descarga 238/516 alumno 1245 doc 27
descarga 239/516 alumno 1307 doc 27
descarga 240/516 alumno 1580 doc 27
descarga 241/516 alumno 1198 doc 27
descarga 242/516 alumno 1480 doc 27
descarga 243/516 alumno 1531 doc 27
descarga 245/516 alumno 1527 doc 27
descarga 247/516 alumno 906 doc 27
descarga 248/516 alumno 964 doc 27
descarga 249/516 alumno 959 doc 27
descarga 250/516 alumno 1333 doc 27
progreso 250/516 ok=206 omitidos=44 err=0
progreso 250/516 ok=183 omitidos=67 err=0
descarga 251/516 alumno 1676 doc 27
descarga 252/516 alumno 1783 doc 27
descarga 253/516 alumno 972 doc 27
descarga 254/516 alumno 977 doc 27
descarga 255/516 alumno 1494 doc 27
descarga 256/516 alumno 1732 doc 27
descarga 257/516 alumno 1763 doc 27
descarga 258/516 alumno 1305 doc 27
descarga 259/516 alumno 1103 doc 27
descarga 260/516 alumno 1689 doc 27
descarga 261/516 alumno 1699 doc 27
descarga 263/516 alumno 1088 doc 27
descarga 265/516 alumno 1181 doc 27
descarga 266/516 alumno 980 doc 27
descarga 267/516 alumno 1375 doc 27
descarga 268/516 alumno 1275 doc 27
descarga 269/516 alumno 1806 doc 27
descarga 270/516 alumno 1554 doc 27
descarga 271/516 alumno 1754 doc 27
descarga 272/516 alumno 1027 doc 27
descarga 274/516 alumno 1686 doc 27
descarga 276/516 alumno 1687 doc 27
progreso 275/516 ok=227 omitidos=48 err=0
descarga 277/516 alumno 1767 doc 27
descarga 278/516 alumno 1544 doc 27
descarga 279/516 alumno 1490 doc 27
descarga 280/516 alumno 1731 doc 27
descarga 282/516 alumno 1318 doc 27
descarga 284/516 alumno 1082 doc 27
descarga 286/516 alumno 1492 doc 27
descarga 288/516 alumno 1416 doc 27
descarga 290/516 alumno 1033 doc 27
descarga 292/516 alumno 1294 doc 27
descarga 294/516 alumno 996 doc 27
descarga 295/516 alumno 970 doc 27
descarga 296/516 alumno 1721 doc 27
descarga 297/516 alumno 1264 doc 27
descarga 298/516 alumno 1809 doc 27
descarga 299/516 alumno 1483 doc 27
descarga 300/516 alumno 1592 doc 27
progreso 300/516 ok=245 omitidos=55 err=0
progreso 300/516 ok=222 omitidos=78 err=0
descarga 301/516 alumno 1182 doc 27
descarga 302/516 alumno 902 doc 27
descarga 303/516 alumno 968 doc 27
descarga 304/516 alumno 1798 doc 27
descarga 305/516 alumno 1080 doc 27
descarga 306/516 alumno 1688 doc 27
descarga 307/516 alumno 1266 doc 27
descarga 308/516 alumno 1130 doc 27
descarga 309/516 alumno 1329 doc 27
descarga 310/516 alumno 1815 doc 27
descarga 311/516 alumno 1032 doc 27
descarga 312/516 alumno 1343 doc 27
descarga 313/516 alumno 1646 doc 27
descarga 314/516 alumno 1180 doc 27
descarga 315/516 alumno 1455 doc 27
descarga 316/516 alumno 1765 doc 27
descarga 317/516 alumno 1459 doc 27
descarga 318/516 alumno 1500 doc 27
descarga 319/516 alumno 938 doc 27
descarga 320/516 alumno 1673 doc 27
descarga 321/516 alumno 1682 doc 27
descarga 322/516 alumno 975 doc 27
descarga 323/516 alumno 1145 doc 27
descarga 325/516 alumno 2787 doc 27
progreso 325/516 ok=246 omitidos=79 err=0
descarga 327/516 alumno 1851 doc 27
descarga 329/516 alumno 2807 doc 27
descarga 330/516 alumno 2130 doc 27
descarga 332/516 alumno 2056 doc 27
descarga 333/516 alumno 2731 doc 27
descarga 334/516 alumno 2650 doc 27
descarga 335/516 alumno 1845 doc 27
descarga 336/516 alumno 1884 doc 27
descarga 337/516 alumno 2248 doc 27
descarga 338/516 alumno 2132 doc 27
descarga 339/516 alumno 2563 doc 27
descarga 340/516 alumno 1825 doc 27
descarga 341/516 alumno 2591 doc 27
descarga 342/516 alumno 2189 doc 27
descarga 343/516 alumno 2796 doc 27
descarga 344/516 alumno 2257 doc 27
descarga 345/516 alumno 2138 doc 27
descarga 346/516 alumno 2809 doc 27
descarga 347/516 alumno 2239 doc 27
descarga 348/516 alumno 2724 doc 27
descarga 350/516 alumno 1885 doc 27
error alumno 2400 doc 27 5°D Sebastián Muñoz DEA.docx: 401 Client Error: Unauthorized for url: https://www.googleapis.com/drive/v3/files/1CgMsT-_m54eU3hP4G5_IRUbzB8wTwvlA?alt=media
progreso 350/516 ok=267 omitidos=83 err=0
descarga 351/516 alumno 2400 doc 27
descarga 353/516 alumno 2603 doc 27
descarga 355/516 alumno 2200 doc 27
descarga 356/516 alumno 2456 doc 27
descarga 357/516 alumno 2137 doc 27
descarga 359/516 alumno 2406 doc 27
descarga 361/516 alumno 2128 doc 27
descarga 362/516 alumno 2425 doc 27
descarga 363/516 alumno 2697 doc 27
descarga 364/516 alumno 2220 doc 27
descarga 365/516 alumno 1960 doc 27
descarga 366/516 alumno 2030 doc 27
descarga 367/516 alumno 1867 doc 27
descarga 368/516 alumno 1826 doc 27
descarga 369/516 alumno 2476 doc 27
descarga 370/516 alumno 1986 doc 27
descarga 371/516 alumno 2184 doc 27
descarga 372/516 alumno 2078 doc 27
descarga 373/516 alumno 2118 doc 27
descarga 374/516 alumno 2368 doc 27
error alumno 2368 doc 27 5°B Agustín Cáceres TDA-H.docx: 401 Client Error: Unauthorized for url: https://www.googleapis.com/drive/v3/files/11XO1lMlk7BOs6SMjUhsd8BGSyNO2K-rL?alt=media
descarga 375/516 alumno 2274 doc 27
progreso 375/516 ok=287 omitidos=87 err=1
descarga 376/516 alumno 3630 doc 7
descarga 377/516 alumno 1735 doc 7
descarga 378/516 alumno 1329 doc 7
descarga 379/516 alumno 1494 doc 7
descarga 380/516 alumno 1416 doc 7
descarga 381/516 alumno 1505 doc 7
descarga 382/516 alumno 1333 doc 7
descarga 384/516 alumno 1568 doc 7
descarga 385/516 alumno 1637 doc 7
descarga 386/516 alumno 1765 doc 7
descarga 387/516 alumno 1580 doc 7
descarga 388/516 alumno 1633 doc 7
descarga 389/516 alumno 1664 doc 7
descarga 390/516 alumno 1798 doc 7
descarga 391/516 alumno 1455 doc 7
descarga 392/516 alumno 1264 doc 7
descarga 394/516 alumno 906 doc 7
descarga 396/516 alumno 1490 doc 7
descarga 398/516 alumno 1318 doc 7
descarga 400/516 alumno 5664 doc 7
progreso 400/516 ok=307 omitidos=92 err=1
descarga 401/516 alumno 1754 doc 7
progreso 400/516 ok=330 omitidos=69 err=1
descarga 402/516 alumno 1721 doc 7
descarga 404/516 alumno 1799 doc 7
descarga 405/516 alumno 1228 doc 7
descarga 406/516 alumno 1180 doc 7
descarga 407/516 alumno 1105 doc 7
descarga 408/516 alumno 1185 doc 7
descarga 409/516 alumno 1559 doc 7
descarga 410/516 alumno 1587 doc 7
descarga 411/516 alumno 1101 doc 7
descarga 412/516 alumno 1266 doc 7
descarga 413/516 alumno 1343 doc 7
descarga 414/516 alumno 1309 doc 7
descarga 416/516 alumno 1307 doc 7
descarga 418/516 alumno 1676 doc 7
descarga 420/516 alumno 1460 doc 7
descarga 422/516 alumno 1413 doc 7
descarga 423/516 alumno 1554 doc 7
descarga 424/516 alumno 1806 doc 7
descarga 425/516 alumno 1767 doc 7
progreso 425/516 ok=351 omitidos=73 err=1
progreso 425/516 ok=327 omitidos=97 err=1
descarga 426/516 alumno 1027 doc 7
descarga 427/516 alumno 964 doc 7
descarga 428/516 alumno 1032 doc 7
descarga 430/516 alumno 1686 doc 7
descarga 432/516 alumno 1181 doc 7
descarga 434/516 alumno 1103 doc 7
descarga 436/516 alumno 1088 doc 7
descarga 438/516 alumno 1544 doc 7
descarga 439/516 alumno 1783 doc 7
descarga 440/516 alumno 970 doc 7
descarga 442/516 alumno 1689 doc 7
descarga 444/516 alumno 1732 doc 7
descarga 445/516 alumno 1446 doc 7
descarga 446/516 alumno 1234 doc 7
descarga 447/516 alumno 1208 doc 7
descarga 448/516 alumno 1158 doc 7
descarga 449/516 alumno 1673 doc 7
descarga 450/516 alumno 972 doc 7
progreso 450/516 ok=345 omitidos=104 err=1
descarga 451/516 alumno 1262 doc 7
progreso 450/516 ok=368 omitidos=81 err=1
descarga 452/516 alumno 963 doc 7
descarga 454/516 alumno 968 doc 7
descarga 456/516 alumno 1646 doc 7
descarga 457/516 alumno 1683 doc 7
descarga 458/516 alumno 1033 doc 7
descarga 459/516 alumno 1043 doc 7
descarga 460/516 alumno 1130 doc 7
descarga 461/516 alumno 977 doc 7
descarga 462/516 alumno 1809 doc 7
descarga 463/516 alumno 1305 doc 7
descarga 464/516 alumno 980 doc 7
descarga 465/516 alumno 5663 doc 7
descarga 466/516 alumno 1763 doc 7
descarga 468/516 alumno 1294 doc 7
descarga 469/516 alumno 1459 doc 7
descarga 471/516 alumno 1160 doc 7
descarga 473/516 alumno 1238 doc 7
descarga 475/516 alumno 1731 doc 7
progreso 475/516 ok=364 omitidos=110 err=1
descarga 476/516 alumno 1535 doc 7
descarga 477/516 alumno 1658 doc 7
descarga 479/516 alumno 917 doc 7
descarga 481/516 alumno 1375 doc 7
descarga 483/516 alumno 1080 doc 7
descarga 485/516 alumno 1021 doc 7
descarga 486/516 alumno 969 doc 7
descarga 487/516 alumno 938 doc 7
descarga 488/516 alumno 1045 doc 7
descarga 490/516 alumno 1815 doc 7
descarga 492/516 alumno 959 doc 7
descarga 493/516 alumno 1198 doc 7
descarga 494/516 alumno 1162 doc 7
descarga 495/516 alumno 1256 doc 7
descarga 496/516 alumno 1245 doc 7
descarga 497/516 alumno 1275 doc 7
descarga 498/516 alumno 902 doc 7
descarga 499/516 alumno 1593 doc 7
descarga 500/516 alumno 2056 doc 7
progreso 500/516 ok=383 omitidos=116 err=1
descarga 501/516 alumno 2782 doc 7
descarga 502/516 alumno 2400 doc 7
descarga 503/516 alumno 2248 doc 7
descarga 504/516 alumno 2639 doc 7
descarga 505/516 alumno 2697 doc 7
descarga 507/516 alumno 2239 doc 7
descarga 508/516 alumno 2807 doc 7
descarga 509/516 alumno 2273 doc 7
descarga 510/516 alumno 2440 doc 7
descarga 511/516 alumno 2563 doc 7
descarga 512/516 alumno 2679 doc 7
descarga 514/516 alumno 2724 doc 7
descarga 515/516 alumno 2655 doc 7
descarga 516/516 alumno 1894 doc 7
fin ok=416 omitidos=99 err=1
fin ok=397 omitidos=118 err=1
